10:06:20 **** Clean-only build of configuration Debug for project stm32l4xx_drivers ****
make -j8 clean 
rm -rf ./drivers/src/stm32l4xx_gpio_driver.cyclo ./drivers/src/stm32l4xx_gpio_driver.d ./drivers/src/stm32l4xx_gpio_driver.o ./drivers/src/stm32l4xx_gpio_driver.su ./drivers/src/stm32l4xx_spi_driver.cyclo ./drivers/src/stm32l4xx_spi_driver.d ./drivers/src/stm32l4xx_spi_driver.o ./drivers/src/stm32l4xx_spi_driver.su
rm -rf ./Startup/startup_stm32l476rgtx.d ./Startup/startup_stm32l476rgtx.o
rm -rf ./Src/main_spi.cyclo ./Src/main_spi.d ./Src/main_spi.o ./Src/main_spi.su ./Src/syscalls.cyclo ./Src/syscalls.d ./Src/syscalls.o ./Src/syscalls.su ./Src/sysmem.cyclo ./Src/sysmem.d ./Src/sysmem.o ./Src/sysmem.su
rm -rf default.size.stdout stm32l4xx_drivers.elf stm32l4xx_drivers.list stm32l4xx_drivers.map
 
10:06:20 **** Incremental Build of configuration Debug for project stm32l4xx_drivers ****
make -j8 all 
arm-none-eabi-gcc "../drivers/src/stm32l4xx_gpio_driver.c" -mcpu=cortex-m4 -std=gnu11 -g3 -DDEBUG -DSTM32L4 -DSTM32 -DNUCLEO_L476RG -DSTM32L476RGTx -c -I../Inc -I"C:/Users/subha/OneDrive/Documents/STM32_Reference/STM_LL_WorkSpace/01_GPIO/drivers/inc" -O0 -ffunction-sections -fdata-sections -Wall -fstack-usage -fcyclomatic-complexity -MMD -MP -MF"drivers/src/stm32l4xx_gpio_driver.d" -MT"drivers/src/stm32l4xx_gpio_driver.o" --specs=nano.specs -mfpu=fpv4-sp-d16 -mfloat-abi=hard -mthumb -o "drivers/src/stm32l4xx_gpio_driver.o"
arm-none-eabi-gcc "../drivers/src/stm32l4xx_spi_driver.c" -mcpu=cortex-m4 -std=gnu11 -g3 -DDEBUG -DSTM32L4 -DSTM32 -DNUCLEO_L476RG -DSTM32L476RGTx -c -I../Inc -I"C:/Users/subha/OneDrive/Documents/STM32_Reference/STM_LL_WorkSpace/01_GPIO/drivers/inc" -O0 -ffunction-sections -fdata-sections -Wall -fstack-usage -fcyclomatic-complexity -MMD -MP -MF"drivers/src/stm32l4xx_spi_driver.d" -MT"drivers/src/stm32l4xx_spi_driver.o" --specs=nano.specs -mfpu=fpv4-sp-d16 -mfloat-abi=hard -mthumb -o "drivers/src/stm32l4xx_spi_driver.o"
arm-none-eabi-gcc -mcpu=cortex-m4 -g3 -DDEBUG -c -x assembler-with-cpp -MMD -MP -MF"Startup/startup_stm32l476rgtx.d" -MT"Startup/startup_stm32l476rgtx.o" --specs=nano.specs -mfpu=fpv4-sp-d16 -mfloat-abi=hard -mthumb -o "Startup/startup_stm32l476rgtx.o" "../Startup/startup_stm32l476rgtx.s"
arm-none-eabi-gcc "../Src/main_spi.c" -mcpu=cortex-m4 -std=gnu11 -g3 -DDEBUG -DSTM32L4 -DSTM32 -DNUCLEO_L476RG -DSTM32L476RGTx -c -I../Inc -I"C:/Users/subha/OneDrive/Documents/STM32_Reference/STM_LL_WorkSpace/01_GPIO/drivers/inc" -O0 -ffunction-sections -fdata-sections -Wall -fstack-usage -fcyclomatic-complexity -MMD -MP -MF"Src/main_spi.d" -MT"Src/main_spi.o" --specs=nano.specs -mfpu=fpv4-sp-d16 -mfloat-abi=hard -mthumb -o "Src/main_spi.o"
arm-none-eabi-gcc "../Src/syscalls.c" -mcpu=cortex-m4 -std=gnu11 -g3 -DDEBUG -DSTM32L4 -DSTM32 -DNUCLEO_L476RG -DSTM32L476RGTx -c -I../Inc -I"C:/Users/subha/OneDrive/Documents/STM32_Reference/STM_LL_WorkSpace/01_GPIO/drivers/inc" -O0 -ffunction-sections -fdata-sections -Wall -fstack-usage -fcyclomatic-complexity -MMD -MP -MF"Src/syscalls.d" -MT"Src/syscalls.o" --specs=nano.specs -mfpu=fpv4-sp-d16 -mfloat-abi=hard -mthumb -o "Src/syscalls.o"
arm-none-eabi-gcc "../Src/sysmem.c" -mcpu=cortex-m4 -std=gnu11 -g3 -DDEBUG -DSTM32L4 -DSTM32 -DNUCLEO_L476RG -DSTM32L476RGTx -c -I../Inc -I"C:/Users/subha/OneDrive/Documents/STM32_Reference/STM_LL_WorkSpace/01_GPIO/drivers/inc" -O0 -ffunction-sections -fdata-sections -Wall -fstack-usage -fcyclomatic-complexity -MMD -MP -MF"Src/sysmem.d" -MT"Src/sysmem.o" --specs=nano.specs -mfpu=fpv4-sp-d16 -mfloat-abi=hard -mthumb -o "Src/sysmem.o"
arm-none-eabi-gcc -o "stm32l4xx_drivers.elf" @"objects.list"   -mcpu=cortex-m4 -T"C:\Users\subha\OneDrive\Documents\STM32_Reference\STM_LL_WorkSpace\01_GPIO\STM32L476RGTX_FLASH.ld" --specs=nosys.specs -Wl,-Map="stm32l4xx_drivers.map" -Wl,--gc-sections -static --specs=nano.specs -mfpu=fpv4-sp-d16 -mfloat-abi=hard -mthumb -Wl,--start-group -lc -lm -Wl,--end-group
Finished building target: stm32l4xx_drivers.elf
 
arm-none-eabi-size  stm32l4xx_drivers.elf 
arm-none-eabi-objdump -h -S stm32l4xx_drivers.elf  > "stm32l4xx_drivers.list"
   text	   data	    bss	    dec	    hex	filename
   2500	      0	   1568	   4068	    fe4	stm32l4xx_drivers.elf
Finished building: default.size.stdout
 
Finished building: stm32l4xx_drivers.list
 
10:07:03 **** Incremental Build of configuration Debug for project stm32l4xx_LL_drivers ****
make -j8 all 
arm-none-eabi-size  stm32l4xx_LL_drivers.elf 
   text	   data	    bss	    dec	    hex	filename
   2500	      0	   1568	   4068	    fe4	stm32l4xx_LL_drivers.elf
Finished building: default.size.stdout
 
10:07:12 **** Incremental Build of configuration Debug for project stm32l4xx_LL_drivers ****
make -j8 all 
arm-none-eabi-size  stm32l4xx_LL_drivers.elf 
   text	   data	    bss	    dec	    hex	filename
   2500	      0	   1568	   4068	    fe4	stm32l4xx_LL_drivers.elf
Finished building: default.size.stdout
 
10:08:02 **** Incremental Build of configuration Debug for project stm32l4xx_LL_drivers ****
make -j8 all 
arm-none-eabi-size  stm32l4xx_LL_drivers.elf 
   text	   data	    bss	    dec	    hex	filename
   2500	      0	   1568	   4068	    fe4	stm32l4xx_LL_drivers.elf
Finished building: default.size.stdout
 
