16:22:33 **** Incremental Build of configuration Debug for project 05_Hardware_timer ****
make -j8 all 
arm-none-eabi-gcc "../Src/main.c" -mcpu=cortex-m4 -std=gnu11 -g3 -DUSE_HAL_DRIVER -DSTM32L476xx -c -I../Inc -I"C:/Users/subha/OneDrive/Documents/STM32_Reference/STM_WorkSpace/05_Hardware_timer/Drivers/CMSIS/Include" -I"C:/Users/subha/OneDrive/Documents/STM32_Reference/STM_WorkSpace/05_Hardware_timer/Drivers/CMSIS/Device/ST/STM32L4xx/Include" -I"C:/Users/subha/OneDrive/Documents/STM32_Reference/STM_WorkSpace/05_Hardware_timer/Drivers/STM32L4xx_HAL_Driver/Inc" -O0 -ffunction-sections -fdata-sections -Wall -fstack-usage -fcyclomatic-complexity -MMD -MP -MF"Src/main.d" -MT"Src/main.o" --specs=nano.specs -mfpu=fpv4-sp-d16 -mfloat-abi=hard -mthumb -o "Src/main.o"
arm-none-eabi-gcc -o "05_Hardware_timer.elf" @"objects.list"   -mcpu=cortex-m4 -T"C:\Users\subha\OneDrive\Documents\STM32_Reference\STM_WorkSpace\05_Hardware_timer\STM32L476RGTX_FLASH.ld" --specs=nosys.specs -Wl,-Map="05_Hardware_timer.map" -Wl,--gc-sections -static --specs=nano.specs -mfpu=fpv4-sp-d16 -mfloat-abi=hard -mthumb -Wl,--start-group -lc -lm -Wl,--end-group
Finished building target: 05_Hardware_timer.elf
 
arm-none-eabi-size  05_Hardware_timer.elf 
arm-none-eabi-objdump -h -S 05_Hardware_timer.elf  > "05_Hardware_timer.list"
   text	   data	    bss	    dec	    hex	filename
   2052	     12	   1644	   3708	    e7c	05_Hardware_timer.elf
Finished building: default.size.stdout
 
Finished building: 05_Hardware_timer.list
 

16:22:34 Build Finished. 0 errors, 0 warnings. (took 1s.147ms)

