15:51:12 **** Incremental Build of configuration Debug for project 06_ADC ****
make -j8 all 
arm-none-eabi-gcc "../Src/adc.c" -mcpu=cortex-m4 -std=gnu11 -g3 -DUSE_HAL_DRIVER -DSTM32L476xx -c -I../Inc -I"C:/Users/subha/OneDrive/Documents/STM32_Reference/STM_WorkSpace/06_ADC/Drivers/CMSIS/Include" -I"C:/Users/subha/OneDrive/Documents/STM32_Reference/STM_WorkSpace/06_ADC/Drivers/CMSIS/Device/ST/STM32L4xx/Include" -I"C:/Users/subha/OneDrive/Documents/STM32_Reference/STM_WorkSpace/06_ADC/Drivers/STM32L4xx_HAL_Driver/Inc" -O0 -ffunction-sections -fdata-sections -Wall -fstack-usage -fcyclomatic-complexity -MMD -MP -MF"Src/adc.d" -MT"Src/adc.o" --specs=nano.specs -mfpu=fpv4-sp-d16 -mfloat-abi=hard -mthumb -o "Src/adc.o"
arm-none-eabi-gcc "../Src/main.c" -mcpu=cortex-m4 -std=gnu11 -g3 -DUSE_HAL_DRIVER -DSTM32L476xx -c -I../Inc -I"C:/Users/subha/OneDrive/Documents/STM32_Reference/STM_WorkSpace/06_ADC/Drivers/CMSIS/Include" -I"C:/Users/subha/OneDrive/Documents/STM32_Reference/STM_WorkSpace/06_ADC/Drivers/CMSIS/Device/ST/STM32L4xx/Include" -I"C:/Users/subha/OneDrive/Documents/STM32_Reference/STM_WorkSpace/06_ADC/Drivers/STM32L4xx_HAL_Driver/Inc" -O0 -ffunction-sections -fdata-sections -Wall -fstack-usage -fcyclomatic-complexity -MMD -MP -MF"Src/main.d" -MT"Src/main.o" --specs=nano.specs -mfpu=fpv4-sp-d16 -mfloat-abi=hard -mthumb -o "Src/main.o"
../Src/main.c: In function 'main':
../Src/main.c:11:5: warning: implicit declaration of function 'adc_init_start' [-Wimplicit-function-declaration]
   11 |     adc_init_start();
      |     ^~~~~~~~~~~~~~
../Src/main.c:23:24: warning: implicit declaration of function 'pc0_adc_read' [-Wimplicit-function-declaration]
   23 |         sensor_value = pc0_adc_read();
      |                        ^~~~~~~~~~~~
arm-none-eabi-gcc -o "06_ADC.elf" @"objects.list"   -mcpu=cortex-m4 -T"C:\Users\subha\OneDrive\Documents\STM32_Reference\STM_WorkSpace\06_ADC\STM32L476RGTX_FLASH.ld" --specs=nosys.specs -Wl,-Map="06_ADC.map" -Wl,--gc-sections -static --specs=nano.specs -mfpu=fpv4-sp-d16 -mfloat-abi=hard -mthumb -Wl,--start-group -lc -lm -Wl,--end-group
Finished building target: 06_ADC.elf
 
arm-none-eabi-size  06_ADC.elf 
arm-none-eabi-objdump -h -S 06_ADC.elf  > "06_ADC.list"
   text	   data	    bss	    dec	    hex	filename
   8648	     12	   1748	  10408	   28a8	06_ADC.elf
Finished building: default.size.stdout
 
Finished building: 06_ADC.list
 

15:51:14 Build Finished. 0 errors, 2 warnings. (took 1s.415ms)

