12:26:01 **** Incremental Build of configuration Debug for project 16_SPI_Polling ****
make -j8 all 
arm-none-eabi-gcc "../Src/main.c" -mcpu=cortex-m4 -std=gnu11 -g3 -DUSE_HAL_DRIVER -DSTM32L476xx -c -I../Inc -I"C:/Users/subha/OneDrive/Documents/STM32_Reference/STM_WorkSpace/16_SPI_Polling/Drivers/CMSIS/Include" -I"C:/Users/subha/OneDrive/Documents/STM32_Reference/STM_WorkSpace/16_SPI_Polling/Drivers/CMSIS/Device/ST/STM32L4xx/Include" -I"C:/Users/subha/OneDrive/Documents/STM32_Reference/STM_WorkSpace/16_SPI_Polling/Drivers/STM32L4xx_HAL_Driver/Inc" -O0 -ffunction-sections -fdata-sections -Wall -fstack-usage -fcyclomatic-complexity -MMD -MP -MF"Src/main.d" -MT"Src/main.o" --specs=nano.specs -mfpu=fpv4-sp-d16 -mfloat-abi=hard -mthumb -o "Src/main.o"
arm-none-eabi-gcc -o "16_SPI_Polling.elf" @"objects.list"   -mcpu=cortex-m4 -T"C:\Users\subha\OneDrive\Documents\STM32_Reference\STM_WorkSpace\16_SPI_Polling\STM32L476RGTX_FLASH.ld" --specs=nosys.specs -Wl,-Map="16_SPI_Polling.map" -Wl,--gc-sections -static --specs=nano.specs -mfpu=fpv4-sp-d16 -mfloat-abi=hard -mthumb -Wl,--start-group -lc -lm -Wl,--end-group
Finished building target: 16_SPI_Polling.elf
 
arm-none-eabi-size  16_SPI_Polling.elf 
arm-none-eabi-objdump -h -S 16_SPI_Polling.elf  > "16_SPI_Polling.list"
   text	   data	    bss	    dec	    hex	filename
   5272	     24	   1680	   6976	   1b40	16_SPI_Polling.elf
Finished building: default.size.stdout
 
Finished building: 16_SPI_Polling.list
 

12:26:02 Build Finished. 0 errors, 0 warnings. (took 1s.18ms)

