10:38:39 **** Incremental Build of configuration Debug for project Implementation_LL_drivers ****
make -j8 all 
arm-none-eabi-size  Implementation_LL_drivers.elf 
   text	   data	    bss	    dec	    hex	filename
   2656	     12	   1564	   4232	   1088	Implementation_LL_drivers.elf
Finished building: default.size.stdout
 
10:38:45 **** Incremental Build of configuration Debug for project Implementation_LL_drivers ****
make -j8 all 
arm-none-eabi-size  Implementation_LL_drivers.elf 
   text	   data	    bss	    dec	    hex	filename
   2656	     12	   1564	   4232	   1088	Implementation_LL_drivers.elf
Finished building: default.size.stdout
 
10:40:47 **** Incremental Build of configuration Debug for project Implementation_LL_drivers ****
make -j8 all 
arm-none-eabi-size  Implementation_LL_drivers.elf 
   text	   data	    bss	    dec	    hex	filename
   2656	     12	   1564	   4232	   1088	Implementation_LL_drivers.elf
Finished building: default.size.stdout
 
10:40:52 **** Incremental Build of configuration Debug for project Implementation_LL_drivers ****
make -j8 all 
arm-none-eabi-size  Implementation_LL_drivers.elf 
   text	   data	    bss	    dec	    hex	filename
   2656	     12	   1564	   4232	   1088	Implementation_LL_drivers.elf
Finished building: default.size.stdout
 
10:41:07 **** Incremental Build of configuration Debug for project Implementation_LL_drivers ****
make -j8 all 
arm-none-eabi-size  Implementation_LL_drivers.elf 
   text	   data	    bss	    dec	    hex	filename
   2656	     12	   1564	   4232	   1088	Implementation_LL_drivers.elf
Finished building: default.size.stdout
 
